// Jest Snapshot v1, https://goo.gl/fbAQLP

exports[`matches the snapshot 1`] = `
<DocumentFragment>
  <div
    class="RecipeDetail container"
  >
    <h2>
       
    </h2>
    <h5>
       -  
    </h5>
    <h3
      class="mt-3"
    >
      Instructions:
    </h3>
    <p />
    <h3
      class="mt-3"
    >
      Ingredients:
    </h3>
    <p>
      This recipe has no listed ingredients.
    </p>
    <h3>
      Add ingredient:
    </h3>
    <form
      class=""
    >
      <div
        class="form-group"
      >
        <label
          class="form-label"
          for="ingredientName"
        >
          Ingredient name:
        </label>
        <input
          class="form-control"
          id="ingredientName"
          name="ingredientName"
          placeholder="Enter a name here."
          required=""
          type="text"
          value=""
        />
      </div>
      <div
        class="form-group"
      >
        <label
          class="form-label"
          for="amount"
        >
          Amount:
        </label>
        <input
          class="form-control"
          id="amount"
          name="amount"
          placeholder="Enter an amount here."
          required=""
          type="text"
          value=""
        />
      </div>
      <button
        class="mr-2 btn btn-primary button-sm"
        type="submit"
      >
        Add Ingredient to Recipe
      </button>
    </form>
    <br />
    <a
      class="btn btn-primary"
      href="/recipes/undefined"
    >
      Back
    </a>
  </div>
</DocumentFragment>
`;
