// Jest Snapshot v1, https://goo.gl/fbAQLP

exports[`matches the snapshot 1`] = `
<DocumentFragment>
  <div
    class="mb-2 RecipeCard card"
  >
    <div
      class="card-body"
    >
      <a
        href="/recipes/undefined"
      >
        <div
          class="card-title h5"
        >
          <b />
        </div>
      </a>
      <div
        class="mb-2 text-muted card-subtitle h6"
      />
      <div
        class="row"
      >
        <div
          class="col-sm-9"
        >
          <span
            class="font-weight-light"
          />
        </div>
        <div
          class="col-sm-3"
        >
          <div
            class="d-flex justify-content-end m-0 p-0"
          >
            <button
              class="btn btn-text"
              type="button"
            >
              <i
                aria-label="Add favorite"
                class="fa fa-heart-o"
              />
            </button>
          </div>
        </div>
      </div>
    </div>
  </div>
</DocumentFragment>
`;
