// Jest Snapshot v1, https://goo.gl/fbAQLP

exports[`matches the snapshot 1`] = `
<DocumentFragment>
  <div
    class="SignUpForm justify-content-center container"
  >
    <div
      class="PantryForm justify-content-center row"
    >
      <div
        class="col-md-8 col-sm-10"
      >
        <div
          class="card"
        >
          <h4
            class="card-header"
          >
            Register for Pantry Tracker
          </h4>
          <div
            class="card-body"
          >
            <form
              class=""
            >
              <div
                class="form-group"
              >
                <label
                  class="form-label"
                  for="username"
                >
                  Username
                </label>
                <input
                  class="form-control"
                  id="username"
                  name="username"
                  placeholder="Username"
                  required=""
                  type="text"
                  value=""
                />
              </div>
              <div
                class="form-group"
              >
                <label
                  class="form-label"
                  for="password"
                >
                  Password
                </label>
                <input
                  class="form-control"
                  id="password"
                  name="password"
                  placeholder="Password"
                  required=""
                  type="password"
                  value=""
                />
              </div>
              <div
                class="form-group"
              >
                <label
                  class="form-label"
                  for="firstName"
                >
                  First Name
                </label>
                <input
                  class="form-control"
                  id="firstName"
                  name="firstName"
                  placeholder="First"
                  required=""
                  type="text"
                  value=""
                />
              </div>
              <div
                class="form-group"
              >
                <label
                  class="form-label"
                  for="lastName"
                >
                  Last Name
                </label>
                <input
                  class="form-control"
                  id="lastName"
                  name="lastName"
                  placeholder="Last"
                  required=""
                  type="text"
                  value=""
                />
              </div>
              <div
                class="form-group"
              >
                <label
                  class="form-label"
                  for="email"
                >
                  Email
                </label>
                <input
                  class="form-control"
                  id="email"
                  name="email"
                  placeholder="(e.g. handle@website.com)"
                  required=""
                  type="email"
                  value=""
                />
              </div>
              <button
                class="mr-2 btn btn-primary"
                type="submit"
              >
                Sign up
              </button>
            </form>
          </div>
        </div>
      </div>
    </div>
  </div>
</DocumentFragment>
`;
