// Jest Snapshot v1, https://goo.gl/fbAQLP

exports[`matches the snapshot 1`] = `
<DocumentFragment>
  <nav
    class="navbar navbar-expand-md navbar-dark bg-primary"
  >
    <a
      class="navbar-brand"
      href="/"
    >
      Pantry Tracker
    </a>
    <button
      aria-controls="pantry-navbar-nav"
      aria-label="Toggle navigation"
      class="navbar-toggler collapsed"
      type="button"
    >
      <span
        class="navbar-toggler-icon"
      />
    </button>
    <div
      class="justify-content-end navbar-collapse collapse"
      id="pantry-navbar-nav"
    >
      <div
        class="navbar-nav"
      >
        <a
          class="nav-link"
          href="/login"
        >
          Login
        </a>
        <a
          class="nav-link"
          href="/signup"
        >
          Sign Up
        </a>
      </div>
    </div>
  </nav>
  <div
    class="mt-3 container-lg"
  >
    <div
      class="mt-3 text-center jumbotron"
    >
      <h1
        style="font-size: 72px;"
      >
        <strong>
          Pantry Tracker
        </strong>
      </h1>
      <h4
        class="my-4"
      >
        Let's get cooking!
      </h4>
      <span>
        <a
          class="btn btn-primary mr-1"
          href="/login"
        >
          Log in
        </a>
        <a
          class="btn btn-primary ml-1"
          href="/signup"
        >
          Sign up
        </a>
      </span>
    </div>
  </div>
</DocumentFragment>
`;
